2026-08-26 22:42:43,391 [INFO] Initializing Game Server...
2026-08-26 22:42:43,391 [DEBUG] Generating heightmap for board size 32 with water_enabled=True
2026-08-26 22:42:43,395 [INFO] Server initialized successfully on board size 32x32
2026-08-26 22:42:43,395 [INFO] Server started and listening on 0.0.0.0:5555
2026-08-26 22:43:05,734 [INFO] New connection accepted from ('127.0.0.1', 34338)
2026-08-26 22:43:05,735 [INFO] Handling connection for Player 0
2026-08-26 22:43:07,102 [DEBUG] Processing message type 'START_GAME' from Player 0
2026-08-26 22:43:07,103 [INFO] Host started the game. Entering SHOP phase.
2026-08-26 22:43:18,461 [DEBUG] Processing message type 'READY_SHOP' from Player 0
2026-08-26 22:43:18,461 [INFO] Player 0 is ready in shop.
2026-08-26 22:43:18,461 [INFO] All players ready. Transitioning state to IN_GAME.
2026-08-26 22:43:19,779 [DEBUG] Processing message type 'COMMAND' from Player 0
2026-08-26 22:43:19,780 [DEBUG] Player 0 issued command to units [1] targeting position (307.2, 254.4)
2026-08-26 22:43:23,519 [DEBUG] Processing message type 'COMMAND' from Player 0
2026-08-26 22:43:23,520 [DEBUG] Player 0 issued command to units [1] targeting position (449.6, 204.8)
2026-08-26 22:43:25,506 [DEBUG] Processing message type 'COMMAND' from Player 0
2026-08-26 22:43:25,506 [DEBUG] Player 0 issued command to units [1] targeting position (468.79999999999995, 153.6)
2026-08-26 22:43:27,449 [DEBUG] Processing message type 'COMMAND' from Player 0
2026-08-26 22:43:27,450 [DEBUG] Player 0 issued command to units [1] targeting position (454.4, 200.0)
2026-08-26 22:43:31,708 [DEBUG] Processing message type 'COMMAND' from Player 0
2026-08-26 22:43:31,709 [DEBUG] Player 0 issued command to units [1] targeting position (443.20000000000005, 310.40000000000003)
2026-08-26 22:43:35,004 [DEBUG] Processing message type 'COMMAND' from Player 0
2026-08-26 22:43:35,004 [DEBUG] Player 0 issued command to units [1] targeting position (390.4, 337.59999999999997)
2026-08-26 22:43:37,823 [DEBUG] Processing message type 'COMMAND' from Player 0
2026-08-26 22:43:37,824 [DEBUG] Player 0 issued command to units [1] targeting position (305.6, 393.6)
2026-08-26 22:43:38,921 [DEBUG] Processing message type 'COMMAND' from Player 0
2026-08-26 22:43:38,922 [DEBUG] Player 0 issued command to units [1] targeting position (230.39999999999998, 387.2)
2026-08-26 22:43:41,411 [DEBUG] Processing message type 'COMMAND' from Player 0
2026-08-26 22:43:41,411 [DEBUG] Player 0 issued command to units [1] targeting position (342.4, 323.20000000000005)
2026-08-26 22:43:42,127 [DEBUG] Processing message type 'COMMAND' from Player 0
2026-08-26 22:43:42,127 [DEBUG] Player 0 issued command to units [1] targeting position (371.20000000000005, 387.2)
2026-08-26 22:43:47,945 [DEBUG] Exception in client handler for Player 0: [Errno 104] Connection reset by peer
2026-08-26 22:43:47,945 [INFO] Player 0 disconnected and removed from clients list.
2026-08-26 22:43:47,976 [INFO] All clients disconnected. Shutting down server.
2026-08-26 22:44:39,730 [INFO] Initializing Game Server...
2026-08-26 22:44:39,730 [DEBUG] Generating heightmap for board size 32 with water_enabled=True
2026-08-26 22:44:39,732 [INFO] Server initialized successfully on board size 32x32
2026-08-26 22:44:39,733 [INFO] Server started and listening on 0.0.0.0:5555
2026-08-26 22:45:04,496 [INFO] New connection accepted from ('127.0.0.1', 43390)
2026-08-26 22:45:04,496 [INFO] Handling connection for Player 0
2026-08-26 22:45:05,481 [DEBUG] Processing message type 'START_GAME' from Player 0
2026-08-26 22:45:05,482 [INFO] Host started the game. Entering SHOP phase.
2026-08-26 22:45:06,374 [DEBUG] Processing message type 'BUY_UNIT' from Player 0
2026-08-26 22:45:06,374 [INFO] Player 0 bought Bishop for $140. Remaining gold: $1860
2026-08-26 22:45:06,904 [DEBUG] Processing message type 'BUY_UNIT' from Player 0
2026-08-26 22:45:06,904 [INFO] Player 0 bought Bishop for $140. Remaining gold: $1720
2026-08-26 22:45:07,255 [DEBUG] Processing message type 'BUY_UNIT' from Player 0
2026-08-26 22:45:07,255 [INFO] Player 0 bought Bishop for $140. Remaining gold: $1580
2026-08-26 22:45:07,484 [DEBUG] Processing message type 'BUY_UNIT' from Player 0
2026-08-26 22:45:07,484 [INFO] Player 0 bought Bishop for $140. Remaining gold: $1440
2026-08-26 22:45:07,693 [DEBUG] Processing message type 'BUY_UNIT' from Player 0
2026-08-26 22:45:07,693 [INFO] Player 0 bought Bishop for $140. Remaining gold: $1300
2026-08-26 22:45:07,917 [DEBUG] Processing message type 'BUY_UNIT' from Player 0
2026-08-26 22:45:07,917 [INFO] Player 0 bought Bishop for $140. Remaining gold: $1160
2026-08-26 22:45:08,120 [DEBUG] Processing message type 'BUY_UNIT' from Player 0
2026-08-26 22:45:08,121 [INFO] Player 0 bought Bishop for $140. Remaining gold: $1020
2026-08-26 22:45:08,315 [DEBUG] Processing message type 'BUY_UNIT' from Player 0
2026-08-26 22:45:08,315 [INFO] Player 0 bought Bishop for $140. Remaining gold: $880
2026-08-26 22:45:08,909 [DEBUG] Processing message type 'READY_SHOP' from Player 0
2026-08-26 22:45:08,909 [INFO] Player 0 is ready in shop.
2026-08-26 22:45:08,909 [INFO] All players ready. Transitioning state to IN_GAME.
2026-08-26 22:45:10,302 [DEBUG] Processing message type 'COMMAND' from Player 0
2026-08-26 22:45:10,302 [DEBUG] Player 0 issued command to units [3, 5, 6, 8, 9, 10] targeting position (297.6, 404.8)
2026-08-26 22:45:11,522 [DEBUG] Processing message type 'COMMAND' from Player 0
2026-08-26 22:45:11,522 [DEBUG] Player 0 issued command to units [3, 5, 6, 8, 9, 10] targeting position (406.4, 668.8)
2026-08-26 22:45:13,127 [DEBUG] Processing message type 'COMMAND' from Player 0
2026-08-26 22:45:13,127 [DEBUG] Player 0 issued command to units [1, 6] targeting position (262.40000000000003, 243.2)
2026-08-26 22:45:31,376 [DEBUG] Processing message type 'COMMAND' from Player 0
2026-08-26 22:45:31,376 [DEBUG] Player 0 issued command to units [1, 3, 4, 6] targeting position (419.20000000000005, 692.8)
2026-08-26 22:45:37,983 [DEBUG] Processing message type 'COMMAND' from Player 0
2026-08-26 22:45:37,983 [DEBUG] Player 0 issued command to units [1] targeting position (515.2, 185.60000000000002)
2026-08-26 22:45:44,673 [INFO] Game Over! Round won by Player 1. Current scores: {0: 1, 1: 0}
2026-08-26 22:45:46,681 [DEBUG] Processing message type 'SET_BOARD_SIZE' from Player 0
2026-08-26 22:45:46,682 [INFO] Host updated board size to 34
2026-08-26 22:45:46,682 [DEBUG] Generating heightmap for board size 34 with water_enabled=True
2026-08-26 22:45:46,920 [DEBUG] Processing message type 'SET_BOARD_SIZE' from Player 0
2026-08-26 22:45:46,920 [INFO] Host updated board size to 32
2026-08-26 22:45:46,921 [DEBUG] Generating heightmap for board size 32 with water_enabled=True
2026-08-26 22:45:47,081 [DEBUG] Processing message type 'SET_BOARD_SIZE' from Player 0
2026-08-26 22:45:47,081 [INFO] Host updated board size to 30
2026-08-26 22:45:47,081 [DEBUG] Generating heightmap for board size 30 with water_enabled=True
2026-08-26 22:45:47,261 [DEBUG] Processing message type 'SET_BOARD_SIZE' from Player 0
2026-08-26 22:45:47,261 [INFO] Host updated board size to 28
2026-08-26 22:45:47,262 [DEBUG] Generating heightmap for board size 28 with water_enabled=True
2026-08-26 22:45:47,421 [DEBUG] Processing message type 'SET_BOARD_SIZE' from Player 0
2026-08-26 22:45:47,421 [INFO] Host updated board size to 26
2026-08-26 22:45:47,421 [DEBUG] Generating heightmap for board size 26 with water_enabled=True
2026-08-26 22:45:47,599 [DEBUG] Processing message type 'SET_BOARD_SIZE' from Player 0
2026-08-26 22:45:47,600 [INFO] Host updated board size to 24
2026-08-26 22:45:47,601 [DEBUG] Generating heightmap for board size 24 with water_enabled=True
2026-08-26 22:45:47,762 [DEBUG] Processing message type 'SET_BOARD_SIZE' from Player 0
2026-08-26 22:45:47,765 [INFO] Host updated board size to 22
2026-08-26 22:45:47,767 [DEBUG] Generating heightmap for board size 22 with water_enabled=True
2026-08-26 22:45:48,036 [DEBUG] Processing message type 'SET_BOARD_SIZE' from Player 0
2026-08-26 22:45:48,037 [INFO] Host updated board size to 20
2026-08-26 22:45:48,037 [DEBUG] Generating heightmap for board size 20 with water_enabled=True
2026-08-26 22:45:48,215 [DEBUG] Processing message type 'SET_BOARD_SIZE' from Player 0
2026-08-26 22:45:48,216 [INFO] Host updated board size to 18
2026-08-26 22:45:48,216 [DEBUG] Generating heightmap for board size 18 with water_enabled=True
2026-08-26 22:45:48,392 [DEBUG] Processing message type 'SET_BOARD_SIZE' from Player 0
2026-08-26 22:45:48,393 [INFO] Host updated board size to 16
2026-08-26 22:45:48,393 [DEBUG] Generating heightmap for board size 16 with water_enabled=True
2026-08-26 22:45:48,698 [DEBUG] Processing message type 'SET_BOARD_SIZE' from Player 0
2026-08-26 22:45:48,699 [INFO] Host updated board size to 14
2026-08-26 22:45:48,700 [DEBUG] Generating heightmap for board size 14 with water_enabled=True
2026-08-26 22:45:48,888 [DEBUG] Processing message type 'SET_BOARD_SIZE' from Player 0
2026-08-26 22:45:48,889 [INFO] Host updated board size to 12
2026-08-26 22:45:48,889 [DEBUG] Generating heightmap for board size 12 with water_enabled=True
2026-08-26 22:45:49,084 [DEBUG] Processing message type 'SET_BOARD_SIZE' from Player 0
2026-08-26 22:45:49,084 [INFO] Host updated board size to 12
2026-08-26 22:45:49,087 [DEBUG] Generating heightmap for board size 12 with water_enabled=True
2026-08-26 22:45:49,264 [DEBUG] Processing message type 'SET_BOARD_SIZE' from Player 0
2026-08-26 22:45:49,265 [INFO] Host updated board size to 12
2026-08-26 22:45:49,265 [DEBUG] Generating heightmap for board size 12 with water_enabled=True
2026-08-26 22:45:49,424 [DEBUG] Processing message type 'SET_BOARD_SIZE' from Player 0
2026-08-26 22:45:49,424 [INFO] Host updated board size to 12
2026-08-26 22:45:49,425 [DEBUG] Generating heightmap for board size 12 with water_enabled=True
2026-08-26 22:45:50,418 [DEBUG] Processing message type 'START_GAME' from Player 0
2026-08-26 22:45:50,419 [INFO] Host started the game. Entering SHOP phase.
2026-08-26 22:45:54,108 [DEBUG] Processing message type 'BUY_UNIT' from Player 0
2026-08-26 22:45:54,108 [INFO] Player 0 bought Knight for $150. Remaining gold: $1850
2026-08-26 22:45:54,561 [DEBUG] Processing message type 'BUY_UNIT' from Player 0
2026-08-26 22:45:54,561 [INFO] Player 0 bought Knight for $150. Remaining gold: $1700
2026-08-26 22:45:55,014 [DEBUG] Processing message type 'BUY_UNIT' from Player 0
2026-08-26 22:45:55,015 [INFO] Player 0 bought Knight for $150. Remaining gold: $1550
2026-08-26 22:45:55,578 [DEBUG] Processing message type 'READY_SHOP' from Player 0
2026-08-26 22:45:55,578 [INFO] Player 0 is ready in shop.
2026-08-26 22:45:55,579 [INFO] All players ready. Transitioning state to IN_GAME.
2026-08-26 22:45:58,504 [DEBUG] Processing message type 'COMMAND' from Player 0
2026-08-26 22:45:58,504 [DEBUG] Player 0 issued command to units [14] targeting position (307.2, 524.8000000000001)
2026-08-26 22:45:59,529 [DEBUG] Processing message type 'COMMAND' from Player 0
2026-08-26 22:45:59,529 [DEBUG] Player 0 issued command to units [14] targeting position (284.8, 518.4)
2026-08-26 22:46:00,142 [DEBUG] Processing message type 'COMMAND' from Player 0
2026-08-26 22:46:00,143 [DEBUG] Player 0 issued command to units [14] targeting position (-78.4, 412.8)
2026-08-26 22:46:00,741 [DEBUG] Processing message type 'COMMAND' from Player 0
2026-08-26 22:46:00,741 [DEBUG] Player 0 issued command to units [14] targeting position (264.0, 532.8000000000001)
2026-08-26 22:46:03,548 [DEBUG] Processing message type 'COMMAND' from Player 0
2026-08-26 22:46:03,548 [DEBUG] Player 0 issued command to units [13] targeting position (368.0, 617.6)
2026-08-26 22:46:07,049 [DEBUG] Processing message type 'COMMAND' from Player 0
2026-08-26 22:46:07,050 [DEBUG] Player 0 issued command to units [13] targeting position (231.99999999999997, 372.8)
2026-08-26 22:46:09,081 [DEBUG] Processing message type 'COMMAND' from Player 0
2026-08-26 22:46:09,081 [DEBUG] Player 0 issued command to units [11] targeting position (510.40000000000003, 312.0)
2026-08-26 22:46:20,485 [INFO] Player 0 disconnected and removed from clients list.
2026-08-26 22:46:20,505 [INFO] All clients disconnected. Shutting down server.
2026-08-26 22:46:28,971 [INFO] Initializing Game Server...
2026-08-26 22:46:28,971 [DEBUG] Generating heightmap for board size 32 with water_enabled=True
2026-08-26 22:46:28,974 [INFO] Server initialized successfully on board size 32x32
2026-08-26 22:46:28,975 [INFO] Server started and listening on 0.0.0.0:5555
2026-08-26 22:46:30,707 [INFO] New connection accepted from ('127.0.0.1', 36980)
2026-08-26 22:46:30,708 [INFO] Handling connection for Player 0
2026-08-26 22:46:32,206 [DEBUG] Processing message type 'SET_BOARD_SIZE' from Player 0
2026-08-26 22:46:32,207 [INFO] Host updated board size to 30
2026-08-26 22:46:32,208 [DEBUG] Generating heightmap for board size 30 with water_enabled=True
2026-08-26 22:46:32,382 [DEBUG] Processing message type 'SET_BOARD_SIZE' from Player 0
2026-08-26 22:46:32,382 [INFO] Host updated board size to 28
2026-08-26 22:46:32,383 [DEBUG] Generating heightmap for board size 28 with water_enabled=True
2026-08-26 22:46:32,513 [DEBUG] Processing message type 'SET_BOARD_SIZE' from Player 0
2026-08-26 22:46:32,513 [INFO] Host updated board size to 26
2026-08-26 22:46:32,514 [DEBUG] Generating heightmap for board size 26 with water_enabled=True
2026-08-26 22:46:32,706 [DEBUG] Processing message type 'SET_BOARD_SIZE' from Player 0
2026-08-26 22:46:32,706 [INFO] Host updated board size to 28
2026-08-26 22:46:32,706 [DEBUG] Generating heightmap for board size 28 with water_enabled=True
2026-08-26 22:46:32,866 [DEBUG] Processing message type 'SET_BOARD_SIZE' from Player 0
2026-08-26 22:46:32,866 [INFO] Host updated board size to 30
2026-08-26 22:46:32,866 [DEBUG] Generating heightmap for board size 30 with water_enabled=True
2026-08-26 22:46:33,030 [DEBUG] Processing message type 'SET_BOARD_SIZE' from Player 0
2026-08-26 22:46:33,030 [INFO] Host updated board size to 32
2026-08-26 22:46:33,031 [DEBUG] Generating heightmap for board size 32 with water_enabled=True
2026-08-26 22:46:33,174 [DEBUG] Processing message type 'SET_BOARD_SIZE' from Player 0
2026-08-26 22:46:33,175 [INFO] Host updated board size to 34
2026-08-26 22:46:33,175 [DEBUG] Generating heightmap for board size 34 with water_enabled=True
2026-08-26 22:46:33,321 [DEBUG] Processing message type 'SET_BOARD_SIZE' from Player 0
2026-08-26 22:46:33,324 [INFO] Host updated board size to 36
2026-08-26 22:46:33,325 [DEBUG] Generating heightmap for board size 36 with water_enabled=True
2026-08-26 22:46:33,500 [DEBUG] Processing message type 'SET_BOARD_SIZE' from Player 0
2026-08-26 22:46:33,500 [INFO] Host updated board size to 38
2026-08-26 22:46:33,501 [DEBUG] Generating heightmap for board size 38 with water_enabled=True
2026-08-26 22:46:33,659 [DEBUG] Processing message type 'SET_BOARD_SIZE' from Player 0
2026-08-26 22:46:33,660 [INFO] Host updated board size to 40
2026-08-26 22:46:33,661 [DEBUG] Generating heightmap for board size 40 with water_enabled=True
2026-08-26 22:46:33,937 [DEBUG] Processing message type 'SET_BOARD_SIZE' from Player 0
2026-08-26 22:46:33,939 [INFO] Host updated board size to 42
2026-08-26 22:46:33,941 [DEBUG] Generating heightmap for board size 42 with water_enabled=True
2026-08-26 22:46:34,081 [DEBUG] Processing message type 'SET_BOARD_SIZE' from Player 0
2026-08-26 22:46:34,082 [INFO] Host updated board size to 44
2026-08-26 22:46:34,083 [DEBUG] Generating heightmap for board size 44 with water_enabled=True
2026-08-26 22:46:34,225 [DEBUG] Processing message type 'SET_BOARD_SIZE' from Player 0
2026-08-26 22:46:34,225 [INFO] Host updated board size to 46
2026-08-26 22:46:34,225 [DEBUG] Generating heightmap for board size 46 with water_enabled=True
2026-08-26 22:46:34,376 [DEBUG] Processing message type 'SET_BOARD_SIZE' from Player 0
2026-08-26 22:46:34,377 [INFO] Host updated board size to 48
2026-08-26 22:46:34,377 [DEBUG] Generating heightmap for board size 48 with water_enabled=True
2026-08-26 22:46:34,698 [DEBUG] Processing message type 'SET_BOARD_SIZE' from Player 0
2026-08-26 22:46:34,698 [INFO] Host updated board size to 48
2026-08-26 22:46:34,698 [DEBUG] Generating heightmap for board size 48 with water_enabled=True
2026-08-26 22:46:34,813 [DEBUG] Processing message type 'SET_BOARD_SIZE' from Player 0
2026-08-26 22:46:34,813 [INFO] Host updated board size to 48
2026-08-26 22:46:34,814 [DEBUG] Generating heightmap for board size 48 with water_enabled=True
2026-08-26 22:46:35,085 [DEBUG] Processing message type 'SET_BOARD_SIZE' from Player 0
2026-08-26 22:46:35,087 [INFO] Host updated board size to 48
2026-08-26 22:46:35,087 [DEBUG] Generating heightmap for board size 48 with water_enabled=True
2026-08-26 22:46:35,447 [DEBUG] Processing message type 'START_GAME' from Player 0
2026-08-26 22:46:35,448 [INFO] Host started the game. Entering SHOP phase.
2026-08-26 22:46:38,380 [DEBUG] Processing message type 'BUY_UNIT' from Player 0
2026-08-26 22:46:38,380 [INFO] Player 0 bought Healer for $180. Remaining gold: $1820
2026-08-26 22:46:38,589 [DEBUG] Processing message type 'BUY_UNIT' from Player 0
2026-08-26 22:46:38,589 [INFO] Player 0 bought Bishop for $140. Remaining gold: $1680
2026-08-26 22:46:39,174 [DEBUG] Processing message type 'BUY_UNIT' from Player 0
2026-08-26 22:46:39,175 [INFO] Player 0 bought Knight for $150. Remaining gold: $1530
2026-08-26 22:46:39,403 [DEBUG] Processing message type 'BUY_UNIT' from Player 0
2026-08-26 22:46:39,403 [INFO] Player 0 bought Pawn for $100. Remaining gold: $1430
2026-08-26 22:46:39,934 [DEBUG] Processing message type 'BUY_UNIT' from Player 0
2026-08-26 22:46:39,934 [INFO] Player 0 bought Rook for $250. Remaining gold: $1180
2026-08-26 22:46:40,163 [DEBUG] Processing message type 'BUY_UNIT' from Player 0
2026-08-26 22:46:40,163 [INFO] Player 0 bought Queen for $400. Remaining gold: $780
2026-08-26 22:46:40,626 [DEBUG] Processing message type 'READY_SHOP' from Player 0
2026-08-26 22:46:40,626 [INFO] Player 0 is ready in shop.
2026-08-26 22:46:40,626 [INFO] All players ready. Transitioning state to IN_GAME.
2026-08-26 22:46:41,830 [DEBUG] Processing message type 'COMMAND' from Player 0
2026-08-26 22:46:41,831 [DEBUG] Player 0 issued command to units [1, 3, 4, 5, 6, 7, 8] targeting position (259.2, 403.2)
2026-08-26 22:46:43,896 [DEBUG] Processing message type 'COMMAND' from Player 0
2026-08-26 22:46:43,896 [DEBUG] Player 0 issued command to units [6] targeting position (251.2, 425.6)
2026-08-26 22:46:50,249 [INFO] Player 0 disconnected and removed from clients list.
2026-08-26 22:46:50,266 [INFO] All clients disconnected. Shutting down server.
